[dotenv@17.2.3] injecting env (2) from .env -- tip: ΓÜÖ∩╕Å  write to custom object with { processEnv: myObject }
Starting test...
Querying database...
node.exe : Error: TypeError: 
notion.databases.query is not a function
At C:\Program Files\nodejs\npx.ps1:29 char:3
+   & $NODE_EXE $NPX_CLI_JS $args
+   ~~~~~~~~~~~~~~~~~~~~~~~~~~~~~
    + CategoryInfo          : NotSpecified: (Err 
   or: TypeErro... not a function:String) [], R  
  emoteException
    + FullyQualifiedErrorId : NativeCommandError
 
    at testNotion (C:\Users\shiva\OneDrive\Deskto
p\projects\PersonalWebsite\scripts\test-notion.ts
:20:49)
    at <anonymous> (C:\Users\shiva\OneDrive\Deskt
op\projects\PersonalWebsite\scripts\test-notion.t
s:29:1)
    at ModuleJob.run 
(node:internal/modules/esm/module_job:271:25)
    at async onImport.tracePromise.__proto__ 
(node:internal/modules/esm/loader:578:26)
    at async asyncRunEntryPointWithESMLoader 
(node:internal/modules/run_main:116:5)
